package main

import (
	"github.com/akrennmair/pascal/pas2go/system"
)

var _ = system.Write

// program test
func main() {
	var (
		x *bool
	)
	_ = x

	x = new(bool)
	(*x) = true
	x = nil
}
