package main

import (
	"github.com/akrennmair/pascal/pas2go/system"
)

var _ = system.Write

// program test
func main() {
	const (
		a = 123
		b = 3.1415e0
		c = "hello world!"
	)

	system.Writeln("a = ", a)
	system.Writeln("b = ", b)
	system.Writeln("c = ", c)
}
