package main

import (
	"github.com/akrennmair/pascal/pas2go/system"
)

var _ = system.Write

// program test
func main() {
	var (
		s system.SetType[int]
	)
	_ = s

	system.SetAssign(&s, system.Set[int]())
}
