package main

import (
	"github.com/akrennmair/pascal/pas2go/system"
)

var _ = system.Write

// program test
func main() {
	type (
		intalias byte
		pt       *intalias
	)

	var (
		p pt
		i intalias
	)
	_ = p
	_ = i

	p = new(intalias)
}
