package main

import (
	"github.com/akrennmair/pascal/pas2go/system"
)

var _ = system.Write

// program test
func main() {
	var (
		pavcs [10]int
		i     int
	)
	_ = pavcs
	_ = i

	for i = 1; i <= 10; i++ {
		pavcs[i-(1)] = system.Chr(i + int('f'))
	}
}
