package main

import (
	"github.com/akrennmair/pascal/pas2go/system"
)

var _ = system.Write

// program test
func main() {
	var (
		i int
	)
	_ = i

	i = 0
	for {

		system.Writeln("i = ", i)
		i = i + 1

		if i >= 10 {
			break
		}
	}
}
