package main

import (
	"github.com/akrennmair/pascal/pas2go/system"
)

var _ = system.Write

// program test
func main() {
	var (
		s system.SetType[int]
	)
	_ = s

	system.SetAssign(&s, system.Set[int](10, 5, 17))
	if s.In(10) {
		system.Writeln("10 is in s!")
	}
}
