package main

import (
	"github.com/akrennmair/pascal/pas2go/system"
)

var _ = system.Write

// program test
func main() {
	type (
		foo int
	)

	var (
		x int
	)
	_ = x

	x = 4
	system.Writeln("x = ", x)
}
