package main

import (
	"github.com/akrennmair/pascal/pas2go/system"
)

var _ = system.Write

// program test
func main() {
	var (
		b int
	)
	_ = b

	var x func(a *int)
	x = func(a *int) {
		(*a) = 1
		return
	}

	x(&b)
	system.Writeln("b = ", b)
}
