package main

import (
	"github.com/akrennmair/pascal/pas2go/system"
)

var _ = system.Write

// program test
func main() {
	var (
		i int
	)
	_ = i

	i = 0
	for i < 10 {

		i = i + 1
		system.Writeln("i = ", i)
	}
}
